mock-mint listening on 0.0.0.0:18080 mode=ok
1789778071.979 GET /_mode mode=ok
1789778072.003 GET /_mode mode=ok
1789778072.170 GET /_mode mode=ok
1789778076.263 GET /v1/info mode=ok
1789778084.908 GET /v1/keys mode=ok
1789778084.911 GET /v1/keysets mode=ok
1789778094.223 POST /_mode/refused mode=ok
1789778096.813 POST /_mode/slow mode=refused
1789778098.465 GET /v1/keys mode=slow
1789778129.165 GET /v1/keys mode=slow
1789778160.271 GET /v1/keys mode=slow
1789778174.109 POST /_mode/http-500 mode=slow
1789778192.446 GET /v1/keys mode=http-500
1789778196.509 GET /v1/keys mode=http-500
1789778196.510 GET /v1/keysets mode=http-500
1789778197.099 GET /v1/keysets mode=http-500
1789778198.199 GET /v1/keysets mode=http-500
1789778200.228 GET /v1/keysets mode=http-500
1789778204.446 GET /v1/keysets mode=http-500
1789778204.448 GET /v1/keys mode=http-500
1789778204.448 GET /v1/keys mode=http-500
1789778205.105 GET /v1/keys mode=http-500
1789778205.167 GET /v1/keys mode=http-500
1789778206.328 GET /v1/keys mode=http-500
1789778206.385 GET /v1/keys mode=http-500
1789778208.417 GET /v1/keys mode=http-500
1789778208.563 GET /v1/keys mode=http-500
1789778212.501 GET /v1/keys mode=http-500
1789778212.502 GET /v1/keysets mode=http-500
1789778212.586 GET /v1/keys mode=http-500
1789778212.590 GET /v1/keysets mode=http-500
1789778213.018 GET /v1/keysets mode=http-500
1789778213.182 GET /v1/keysets mode=http-500
1789778214.061 GET /v1/keysets mode=http-500
1789778214.218 GET /v1/keysets mode=http-500
1789778216.098 GET /v1/keysets mode=http-500
1789778216.379 GET /v1/keysets mode=http-500
1789778220.206 GET /v1/keysets mode=http-500
1789778220.552 GET /v1/keysets mode=http-500
1789778220.554 GET /v1/keys mode=http-500
1789778221.130 GET /v1/keys mode=http-500
1789778222.326 GET /v1/keys mode=http-500
1789778224.421 GET /v1/keys mode=http-500
1789778228.636 GET /v1/keys mode=http-500
1789778228.638 GET /v1/keysets mode=http-500
1789778229.199 GET /v1/keysets mode=http-500
1789778230.448 GET /v1/keysets mode=http-500
1789778232.623 GET /v1/keysets mode=http-500
1789778236.627 GET /v1/keysets mode=http-500
1789778237.278 POST /_mode/malformed mode=http-500
1789778238.832 GET /v1/keys mode=malformed
1789778238.834 GET /v1/keysets mode=malformed
1789778238.836 GET /v1/keys mode=malformed
1789778238.838 GET /v1/keysets mode=malformed
1789778239.602 POST /_mode/truncated mode=malformed
1789778241.312 GET /v1/keys mode=truncated
1789778241.314 GET /v1/keysets mode=truncated
1789778241.315 GET /v1/keys mode=truncated
1789778241.317 GET /v1/keysets mode=truncated
