=== 04-payments 2026-09-18T22-24-22Z (cycles=20 amount=21 mint=https://testnut.cashu.space) ===
config sha256 before     : 349f20851ca395d9bd4eef69f53ed9f7a53e3dc93d86f2ff2ea54ec22a8a2ad1
store size/sha256 before : 262144 / 7ee0f16ab338a50213b575f22144ec38f8c7760bef872365c31f8ac7fbcf5adf
accepted_mints before    : 7
test mint /v1/info       : HTTP 200
backup sha256            : 349f20851ca395d9bd4eef69f53ed9f7a53e3dc93d86f2ff2ea54ec22a8a2ad1
--- sampler ---
sampler-launched
ts_epoch,vmrss_kb,vmhwm_kb,threads,fds,vm_size_kb,mmc_writes_completed,mmc_sectors_written,mmc_ms_writing,loop_writes_completed,loop_sectors_written,loop_ms_writing
pid=19499
--- injecting test mint into accepted_mints ---
accepted_mints after     : 8 (expected 8)
--- restarting service for the injected config ---
full mode: yes
price_per_step tags      : 8
wallet status            : {  "success": true,  "message": "Service status retrieved",  "data": {    "config_ok": true,    "network_ok": true,    "running": true,    "uptime": "1.421631815s",    "version": "TollGate v0.6.0-alpha2-gd0cb92f",    "wallet_ok": true  },  "timestamp": "2026-09-18T22:24:41.765900719Z"}
cycle 1: lat=856ms amt=na store=262144->262144B mmc_bytes=53248 mmc_write_ops=18 loop_bytes=53248
cycle 2: lat=740ms amt=na store=262144->262144B mmc_bytes=57344 mmc_write_ops=15 loop_bytes=57344
cycle 3: lat=673ms amt=na store=262144->262144B mmc_bytes=53248 mmc_write_ops=17 loop_bytes=53248
cycle 4: lat=730ms amt=na store=262144->262144B mmc_bytes=49152 mmc_write_ops=15 loop_bytes=49152
cycle 5: lat=647ms amt=na store=262144->262144B mmc_bytes=57344 mmc_write_ops=14 loop_bytes=57344
cycle 6: lat=719ms amt=na store=262144->262144B mmc_bytes=53248 mmc_write_ops=16 loop_bytes=53248
cycle 7: lat=738ms amt=na store=262144->262144B mmc_bytes=53248 mmc_write_ops=16 loop_bytes=53248
cycle 8: lat=769ms amt=na store=262144->262144B mmc_bytes=53248 mmc_write_ops=16 loop_bytes=53248
cycle 9: lat=709ms amt=na store=262144->262144B mmc_bytes=53248 mmc_write_ops=17 loop_bytes=53248
cycle 10: lat=743ms amt=na store=262144->262144B mmc_bytes=53248 mmc_write_ops=18 loop_bytes=53248
cycle 11: lat=716ms amt=na store=262144->262144B mmc_bytes=57344 mmc_write_ops=18 loop_bytes=57344
cycle 12: lat=812ms amt=na store=262144->262144B mmc_bytes=53248 mmc_write_ops=17 loop_bytes=53248
cycle 13: lat=739ms amt=na store=262144->262144B mmc_bytes=53248 mmc_write_ops=17 loop_bytes=53248
cycle 14: lat=690ms amt=na store=262144->262144B mmc_bytes=53248 mmc_write_ops=18 loop_bytes=53248
cycle 15: lat=675ms amt=na store=262144->262144B mmc_bytes=53248 mmc_write_ops=19 loop_bytes=53248
cycle 16: lat=707ms amt=na store=262144->262144B mmc_bytes=53248 mmc_write_ops=17 loop_bytes=53248
cycle 17: lat=672ms amt=na store=262144->262144B mmc_bytes=53248 mmc_write_ops=16 loop_bytes=53248
cycle 18: lat=791ms amt=na store=262144->262144B mmc_bytes=57344 mmc_write_ops=18 loop_bytes=57344
cycle 19: lat=710ms amt=na store=262144->262144B mmc_bytes=53248 mmc_write_ops=17 loop_bytes=53248
cycle 20: lat=735ms amt=na store=262144->262144B mmc_bytes=53248 mmc_write_ops=16 loop_bytes=53248
--- draining the test balance so the wallet returns to 0 sats ---
{
  "success": true,
  "message": "Successfully drained 400 sats from 1 mints",
  "data": {
    "success": true,
    "tokens": [
      {
        "balance_sats": 400,
        "mint_url": "https://testnut.cashu.space",
        "token": "cashu[REDACTED-BEARER-TOKEN]: {  "success": true,  "message": "Total wallet balance: 0 sats",  "data": {    "balance_sats": 0  },  "timestamp": "2026-09-18T22:28:42.962032988Z"}
stopped: 255 rows
--- restoring config.json verbatim ---
config sha256 after      : 349f20851ca395d9bd4eef69f53ed9f7a53e3dc93d86f2ff2ea54ec22a8a2ad1
RESTORE OK: config.json byte-identical to the pre-run state
full mode after restore: yes
post-restore mint count/tags: 7 / 7
post-restore status      : {  "success": true,  "message": "Service status retrieved",  "data": {    "config_ok": true,    "network_ok": true,    "running": true,    "uptime": "1.393849889s",    "version": "TollGate v0.6.0-alpha2-gd0cb92f",    "wallet_ok": true  },  "timestamp": "2026-09-18T22:29:00.286677452Z"}
post-restore wallet       : {  "success": true,  "message": "Wallet info - Total: 0 sats across 0 mints",  "data": {    "mint_balances": {},    "mint_count": 0,    "total_balance": 0  },  "timestamp": "2026-09-18T22:29:00.450709632Z"}
=== 04-payments done; artefacts: /home/c03rad0r/worktrees/t_96483506/research/wallet-migration/experiments/baseline-gonuts/raw/payments-cycles-2026-09-18T22-24-22Z.csv /home/c03rad0r/worktrees/t_96483506/research/wallet-migration/experiments/baseline-gonuts/raw/payments-samples-2026-09-18T22-24-22Z.csv ===
