=== 04-payments 2026-09-18T22-29-55Z (cycles=40 amount=21 mint=https://testnut.cashu.space) ===
config sha256 before     : 349f20851ca395d9bd4eef69f53ed9f7a53e3dc93d86f2ff2ea54ec22a8a2ad1
store size/sha256 before : 262144 / fe282bcdb2daebc07bb5e31b9480942fc2ccb21147de1b68380dc6db6c0b1f34
accepted_mints before    : 7
test mint /v1/info       : HTTP 200
backup sha256            : 349f20851ca395d9bd4eef69f53ed9f7a53e3dc93d86f2ff2ea54ec22a8a2ad1
--- sampler ---
sampler-launched
ts_epoch,vmrss_kb,vmhwm_kb,threads,fds,vm_size_kb,mmc_writes_completed,mmc_sectors_written,mmc_ms_writing,loop_writes_completed,loop_sectors_written,loop_ms_writing
pid=24008
--- injecting test mint into accepted_mints ---
accepted_mints after     : 8 (expected 8)
--- restarting service for the injected config ---
full mode: yes
price_per_step tags      : 8
wallet status            : {  "success": true,  "message": "Service status retrieved",  "data": {    "config_ok": true,    "network_ok": true,    "running": true,    "uptime": "650.457799ms",    "version": "TollGate v0.6.0-alpha2-gd0cb92f",    "wallet_ok": true  },  "timestamp": "2026-09-18T22:30:14.244911342Z"}
cycle 1: lat=873ms amt=na store=262144->262144B mmc_bytes=28672 mmc_write_ops=10 loop_bytes=28672
cycle 2: lat=870ms amt=na store=262144->262144B mmc_bytes=28672 mmc_write_ops=10 loop_bytes=28672
cycle 3: lat=699ms amt=na store=262144->262144B mmc_bytes=28672 mmc_write_ops=10 loop_bytes=28672
cycle 4: lat=754ms amt=na store=262144->262144B mmc_bytes=28672 mmc_write_ops=10 loop_bytes=28672
cycle 5: lat=800ms amt=na store=262144->262144B mmc_bytes=28672 mmc_write_ops=10 loop_bytes=28672
cycle 6: lat=820ms amt=20 store=262144->262144B mmc_bytes=53248 mmc_write_ops=18 loop_bytes=53248
cycle 7: lat=780ms amt=20 store=262144->262144B mmc_bytes=57344 mmc_write_ops=16 loop_bytes=57344
