mock-mint listening on 0.0.0.0:18080 mode=ok
1789777559.950 GET /_mode mode=ok
1789777559.961 GET /_mode mode=ok
1789777560.088 GET /_mode mode=ok
1789777563.993 GET /v1/info mode=ok
1789777572.692 GET /v1/keys mode=ok
1789777572.694 GET /v1/keysets mode=ok
1789777580.818 POST /_mode/refused mode=ok
1789777583.110 POST /_mode/slow mode=refused
1789777584.801 GET /v1/keys mode=slow
1789777615.521 GET /v1/keys mode=slow
1789777646.578 GET /v1/keys mode=slow
1789777660.332 POST /_mode/http-500 mode=slow
1789777678.710 GET /v1/keys mode=http-500
1789777682.947 GET /v1/keys mode=http-500
1789777682.948 GET /v1/keysets mode=http-500
1789777683.486 GET /v1/keysets mode=http-500
1789777684.728 GET /v1/keysets mode=http-500
1789777686.958 GET /v1/keysets mode=http-500
1789777691.092 GET /v1/keysets mode=http-500
1789777691.094 GET /v1/keys mode=http-500
1789777691.094 GET /v1/keys mode=http-500
1789777691.636 GET /v1/keys mode=http-500
1789777691.830 GET /v1/keys mode=http-500
1789777692.824 GET /v1/keys mode=http-500
1789777692.899 GET /v1/keys mode=http-500
1789777694.881 GET /v1/keys mode=http-500
1789777694.975 GET /v1/keys mode=http-500
1789777698.973 GET /v1/keys mode=http-500
1789777698.974 GET /v1/keysets mode=http-500
1789777699.168 GET /v1/keys mode=http-500
1789777699.170 GET /v1/keysets mode=http-500
1789777699.561 GET /v1/keysets mode=http-500
1789777699.740 GET /v1/keysets mode=http-500
1789777700.704 GET /v1/keysets mode=http-500
1789777700.934 GET /v1/keysets mode=http-500
1789777702.796 GET /v1/keysets mode=http-500
1789777702.989 GET /v1/keysets mode=http-500
1789777707.004 GET /v1/keysets mode=http-500
1789777707.006 GET /v1/keys mode=http-500
1789777707.033 GET /v1/keysets mode=http-500
1789777707.697 GET /v1/keys mode=http-500
1789777708.944 GET /v1/keys mode=http-500
1789777711.105 GET /v1/keys mode=http-500
1789777715.179 GET /v1/keys mode=http-500
1789777715.180 GET /v1/keysets mode=http-500
1789777715.902 GET /v1/keysets mode=http-500
1789777716.923 GET /v1/keysets mode=http-500
1789777719.124 GET /v1/keysets mode=http-500
1789777723.346 GET /v1/keysets mode=http-500
1789777723.979 POST /_mode/malformed mode=http-500
1789777725.481 GET /v1/keys mode=malformed
1789777725.482 GET /v1/keysets mode=malformed
1789777725.483 GET /v1/keys mode=malformed
1789777725.484 GET /v1/keysets mode=malformed
1789777726.136 POST /_mode/truncated mode=malformed
1789777727.641 GET /v1/keys mode=truncated
1789777727.643 GET /v1/keysets mode=truncated
1789777727.644 GET /v1/keys mode=truncated
1789777727.646 GET /v1/keysets mode=truncated
