mock-mint listening on 0.0.0.0:18080 mode=ok
1789777796.482 GET /_mode mode=ok
1789777796.494 GET /_mode mode=ok
1789777796.652 GET /_mode mode=ok
1789777800.619 GET /v1/info mode=ok
1789777809.230 GET /v1/keys mode=ok
1789777809.232 GET /v1/keysets mode=ok
1789777817.801 POST /_mode/refused mode=ok
1789777820.245 POST /_mode/slow mode=refused
1789777821.923 GET /v1/keys mode=slow
1789777852.513 GET /v1/keys mode=slow
1789777883.759 GET /v1/keys mode=slow
1789777897.430 POST /_mode/http-500 mode=slow
1789777915.905 GET /v1/keys mode=http-500
1789777919.955 GET /v1/keys mode=http-500
1789777919.956 GET /v1/keysets mode=http-500
1789777920.528 GET /v1/keysets mode=http-500
1789777921.583 GET /v1/keysets mode=http-500
1789777923.757 GET /v1/keysets mode=http-500
1789777927.868 GET /v1/keysets mode=http-500
1789777927.869 GET /v1/keys mode=http-500
1789777927.870 GET /v1/keys mode=http-500
1789777928.447 GET /v1/keys mode=http-500
1789777928.575 GET /v1/keys mode=http-500
1789777929.564 GET /v1/keys mode=http-500
1789777929.815 GET /v1/keys mode=http-500
1789777931.707 GET /v1/keys mode=http-500
1789777931.962 GET /v1/keys mode=http-500
1789777935.848 GET /v1/keys mode=http-500
1789777935.849 GET /v1/keysets mode=http-500
1789777936.030 GET /v1/keys mode=http-500
1789777936.031 GET /v1/keysets mode=http-500
1789777936.461 GET /v1/keysets mode=http-500
1789777936.628 GET /v1/keysets mode=http-500
1789777937.607 GET /v1/keysets mode=http-500
1789777937.866 GET /v1/keysets mode=http-500
1789777939.732 GET /v1/keysets mode=http-500
1789777940.003 GET /v1/keysets mode=http-500
1789777943.968 GET /v1/keysets mode=http-500
1789777944.031 GET /v1/keysets mode=http-500
1789777944.033 GET /v1/keys mode=http-500
1789777944.709 GET /v1/keys mode=http-500
1789777945.784 GET /v1/keys mode=http-500
1789777947.976 GET /v1/keys mode=http-500
1789777952.166 GET /v1/keys mode=http-500
1789777952.167 GET /v1/keysets mode=http-500
1789777952.686 GET /v1/keysets mode=http-500
1789777953.823 GET /v1/keysets mode=http-500
1789777956.037 GET /v1/keysets mode=http-500
1789777960.271 GET /v1/keysets mode=http-500
1789777960.990 POST /_mode/malformed mode=http-500
1789777962.573 GET /v1/keys mode=malformed
1789777962.574 GET /v1/keysets mode=malformed
1789777962.576 GET /v1/keys mode=malformed
1789777962.577 GET /v1/keysets mode=malformed
1789777963.292 POST /_mode/truncated mode=malformed
1789777964.876 GET /v1/keys mode=truncated
1789777964.879 GET /v1/keysets mode=truncated
1789777964.889 GET /v1/keys mode=truncated
1789777964.892 GET /v1/keysets mode=truncated
