# ESP-IDF build of both proof-store revisions, same project + build dir
# date:         2026-09-20T07:00:48Z
# idf:          ESP-IDF v5.4.1-dirty
# idf_project:  /home/c03rad0r/repos/nucula-consult/src
# before_src:   /home/c03rad0r/worktrees/t_dd262fc0/src-before
# after_src:    /home/c03rad0r/repos/nucula
# git:          dbd1eb0e30d7b26713261b890d5c61c41a601d92

============ upstream-8ad0812 ============
085e14baf9fc0f0ad5df0b89c2abab345fa419c7ff2b6da7233edfb6f19c507a  main/wallet_nvs.cpp
8164890c6cd071491d343a4b42fddf1d23262b23e7783f831acbecaf1d0ebc5b  main/wallet_internal.hpp
Executing action: all (aliases: build)
Running ninja in directory /home/c03rad0r/repos/nucula-consult/src/build
Executing "ninja all"...
[1/15] Building CXX object esp-idf/main/CMakeFiles/__idf_main.dir/wallet_identity.cpp.obj
[2/15] Building CXX object esp-idf/main/CMakeFiles/__idf_main.dir/wallet_blind.cpp.obj
[3/15] Performing build step for 'bootloader'
[1/1] cd /home/c03rad0r/repos/nucula-consult/src/build/bootloader/esp-idf/esptool_py && /home/c03rad0r/.espressif/python_env/idf5.4_py3.11_env/bin/python /home/c03rad0r/esp/esp-idf/components/partition_table/check_sizes.py --offset 0x8000 bootloader 0x0 /home/c03rad0r/repos/nucula-consult/src/build/bootloader/bootloader.bin
Bootloader binary size 0x5160 bytes. 0x2ea0 bytes (36%) free.
[4/15] No install step for 'bootloader'
[5/15] Completed 'bootloader'
[6/15] Building CXX object esp-idf/main/CMakeFiles/__idf_main.dir/wallet_keysets.cpp.obj
[7/15] Building CXX object esp-idf/main/CMakeFiles/__idf_main.dir/wallet.cpp.obj
[8/15] Building CXX object esp-idf/main/CMakeFiles/__idf_main.dir/wallet_nvs.cpp.obj
[9/15] Building CXX object esp-idf/main/CMakeFiles/__idf_main.dir/wallet_selftest.cpp.obj
[10/15] Building CXX object esp-idf/main/CMakeFiles/__idf_main.dir/wallet_flows.cpp.obj
[11/15] Linking C static library esp-idf/main/libmain.a
[12/15] Generating ld/sections.ld
[13/15] Linking CXX executable nucula.elf
[14/15] Generating binary image from built executable
esptool.py v4.12.0
Creating esp32c3 image...
Merged 1 ELF section
Successfully created esp32c3 image.
Generated /home/c03rad0r/repos/nucula-consult/src/build/nucula.bin
[15/15] cd /home/c03rad0r/repos/nucula-consult/src/build/esp-idf/esptool_py && /home/c03rad0r/.espressif/python_env/idf5.4_py3.11_env/bin/python /home/c03rad0r/esp/esp-idf/components/partition_table/check_sizes.py --offset 0x8000 partition --type app /home/c03rad0r/repos/nucula-consult/src/build/partition_table/partition-table.bin /home/c03rad0r/repos/nucula-consult/src/build/nucula.bin
nucula.bin binary size 0x11d340 bytes. Smallest app partition is 0x1d0000 bytes. 0xb2cc0 bytes (39%) free.

Project build complete. To flash, run:
 idf.py flash
or
 idf.py -p PORT flash
or
 python -m esptool --chip esp32c3 -b 460800 --before default_reset --after hard_reset write_flash --flash_mode dio --flash_size 4MB --flash_freq 80m 0x0 build/bootloader/bootloader.bin 0x8000 build/partition_table/partition-table.bin 0x30000 build/nucula.bin
or from the "/home/c03rad0r/repos/nucula-consult/src/build" directory
 python -m esptool --chip esp32c3 -b 460800 --before default_reset --after hard_reset write_flash "@flash_args"
IDF_BUILD_EXIT=0
4f8f1ea5d523e572d51c6f2ba6b5af284be0ba721c21644b5c5762fb191fe765  build/nucula.bin
size=1168192  build/nucula.bin

============ per-proof-dbd1eb0 ============
bf0600e9fb92297d530e27e057990f17e2f33107db835b56298c496119d7c9fa  main/wallet_nvs.cpp
44b38b172b2d7574dac43bd353542a68729cb72f4f330ee5efe9618bedb92f17  main/wallet_internal.hpp
Executing action: all (aliases: build)
Running ninja in directory /home/c03rad0r/repos/nucula-consult/src/build
Executing "ninja all"...
[1/15] Building CXX object esp-idf/main/CMakeFiles/__idf_main.dir/wallet_identity.cpp.obj
[2/15] Building CXX object esp-idf/main/CMakeFiles/__idf_main.dir/wallet_blind.cpp.obj
[3/15] Performing build step for 'bootloader'
[1/1] cd /home/c03rad0r/repos/nucula-consult/src/build/bootloader/esp-idf/esptool_py && /home/c03rad0r/.espressif/python_env/idf5.4_py3.11_env/bin/python /home/c03rad0r/esp/esp-idf/components/partition_table/check_sizes.py --offset 0x8000 bootloader 0x0 /home/c03rad0r/repos/nucula-consult/src/build/bootloader/bootloader.bin
Bootloader binary size 0x5160 bytes. 0x2ea0 bytes (36%) free.
[4/15] No install step for 'bootloader'
[5/15] Completed 'bootloader'
[6/15] Building CXX object esp-idf/main/CMakeFiles/__idf_main.dir/wallet.cpp.obj
[7/15] Building CXX object esp-idf/main/CMakeFiles/__idf_main.dir/wallet_keysets.cpp.obj
[8/15] Building CXX object esp-idf/main/CMakeFiles/__idf_main.dir/wallet_selftest.cpp.obj
[9/15] Building CXX object esp-idf/main/CMakeFiles/__idf_main.dir/wallet_nvs.cpp.obj
[10/15] Building CXX object esp-idf/main/CMakeFiles/__idf_main.dir/wallet_flows.cpp.obj
[11/15] Linking C static library esp-idf/main/libmain.a
[12/15] Generating ld/sections.ld
[13/15] Linking CXX executable nucula.elf
[14/15] Generating binary image from built executable
esptool.py v4.12.0
Creating esp32c3 image...
Merged 1 ELF section
Successfully created esp32c3 image.
Generated /home/c03rad0r/repos/nucula-consult/src/build/nucula.bin
[15/15] cd /home/c03rad0r/repos/nucula-consult/src/build/esp-idf/esptool_py && /home/c03rad0r/.espressif/python_env/idf5.4_py3.11_env/bin/python /home/c03rad0r/esp/esp-idf/components/partition_table/check_sizes.py --offset 0x8000 partition --type app /home/c03rad0r/repos/nucula-consult/src/build/partition_table/partition-table.bin /home/c03rad0r/repos/nucula-consult/src/build/nucula.bin
nucula.bin binary size 0x11e170 bytes. Smallest app partition is 0x1d0000 bytes. 0xb1e90 bytes (38%) free.

Project build complete. To flash, run:
 idf.py flash
or
 idf.py -p PORT flash
or
 python -m esptool --chip esp32c3 -b 460800 --before default_reset --after hard_reset write_flash --flash_mode dio --flash_size 4MB --flash_freq 80m 0x0 build/bootloader/bootloader.bin 0x8000 build/partition_table/partition-table.bin 0x30000 build/nucula.bin
or from the "/home/c03rad0r/repos/nucula-consult/src/build" directory
 python -m esptool --chip esp32c3 -b 460800 --before default_reset --after hard_reset write_flash "@flash_args"
IDF_BUILD_EXIT=0
b92af17d41d47ce3b3d31fea73e04c94dd1ff88acc9df2d2c07eeca5e7200677  build/nucula.bin
size=1171824  build/nucula.bin
